Archive member included to satisfy reference by file (symbol)

/opt/st/stm32cubeide_1.15.0/plugins/com.st.stm32cube.ide.mcu.externaltools.gnu-tools-for-stm32.12.3.rel1.linux64_1.0.100.202403111256/tools/bin/../lib/gcc/arm-none-eabi/12.3.1/../../../../arm-none-eabi/lib/thumb/v8-m.main+fp/hard/libc_nano.a(libc_a-exit.o)
                              /opt/st/stm32cubeide_1.15.0/plugins/com.st.stm32cube.ide.mcu.externaltools.gnu-tools-for-stm32.12.3.rel1.linux64_1.0.100.202403111256/tools/bin/../lib/gcc/arm-none-eabi/12.3.1/../../../../arm-none-eabi/lib/thumb/v8-m.main+fp/hard/crt0.o (exit)
/opt/st/stm32cubeide_1.15.0/plugins/com.st.stm32cube.ide.mcu.externaltools.gnu-tools-for-stm32.12.3.rel1.linux64_1.0.100.202403111256/tools/bin/../lib/gcc/arm-none-eabi/12.3.1/../../../../arm-none-eabi/lib/thumb/v8-m.main+fp/hard/libc_nano.a(libc_a-findfp.o)
                              /opt/st/stm32cubeide_1.15.0/plugins/com.st.stm32cube.ide.mcu.externaltools.gnu-tools-for-stm32.12.3.rel1.linux64_1.0.100.202403111256/tools/bin/../lib/gcc/arm-none-eabi/12.3.1/../../../../arm-none-eabi/lib/thumb/v8-m.main+fp/hard/libc_nano.a(libc_a-exit.o) (__stdio_exit_handler)
/opt/st/stm32cubeide_1.15.0/plugins/com.st.stm32cube.ide.mcu.externaltools.gnu-tools-for-stm32.12.3.rel1.linux64_1.0.100.202403111256/tools/bin/../lib/gcc/arm-none-eabi/12.3.1/../../../../arm-none-eabi/lib/thumb/v8-m.main+fp/hard/libc_nano.a(libc_a-fwalk.o)
                              /opt/st/stm32cubeide_1.15.0/plugins/com.st.stm32cube.ide.mcu.externaltools.gnu-tools-for-stm32.12.3.rel1.linux64_1.0.100.202403111256/tools/bin/../lib/gcc/arm-none-eabi/12.3.1/../../../../arm-none-eabi/lib/thumb/v8-m.main+fp/hard/libc_nano.a(libc_a-findfp.o) (_fwalk_sglue)
/opt/st/stm32cubeide_1.15.0/plugins/com.st.stm32cube.ide.mcu.externaltools.gnu-tools-for-stm32.12.3.rel1.linux64_1.0.100.202403111256/tools/bin/../lib/gcc/arm-none-eabi/12.3.1/../../../../arm-none-eabi/lib/thumb/v8-m.main+fp/hard/libc_nano.a(libc_a-stdio.o)
                              /opt/st/stm32cubeide_1.15.0/plugins/com.st.stm32cube.ide.mcu.externaltools.gnu-tools-for-stm32.12.3.rel1.linux64_1.0.100.202403111256/tools/bin/../lib/gcc/arm-none-eabi/12.3.1/../../../../arm-none-eabi/lib/thumb/v8-m.main+fp/hard/libc_nano.a(libc_a-findfp.o) (__sread)
/opt/st/stm32cubeide_1.15.0/plugins/com.st.stm32cube.ide.mcu.externaltools.gnu-tools-for-stm32.12.3.rel1.linux64_1.0.100.202403111256/tools/bin/../lib/gcc/arm-none-eabi/12.3.1/../../../../arm-none-eabi/lib/thumb/v8-m.main+fp/hard/libc_nano.a(libc_a-memset.o)
                              /opt/st/stm32cubeide_1.15.0/plugins/com.st.stm32cube.ide.mcu.externaltools.gnu-tools-for-stm32.12.3.rel1.linux64_1.0.100.202403111256/tools/bin/../lib/gcc/arm-none-eabi/12.3.1/../../../../arm-none-eabi/lib/thumb/v8-m.main+fp/hard/crt0.o (memset)
/opt/st/stm32cubeide_1.15.0/plugins/com.st.stm32cube.ide.mcu.externaltools.gnu-tools-for-stm32.12.3.rel1.linux64_1.0.100.202403111256/tools/bin/../lib/gcc/arm-none-eabi/12.3.1/../../../../arm-none-eabi/lib/thumb/v8-m.main+fp/hard/libc_nano.a(libc_a-closer.o)
                              /opt/st/stm32cubeide_1.15.0/plugins/com.st.stm32cube.ide.mcu.externaltools.gnu-tools-for-stm32.12.3.rel1.linux64_1.0.100.202403111256/tools/bin/../lib/gcc/arm-none-eabi/12.3.1/../../../../arm-none-eabi/lib/thumb/v8-m.main+fp/hard/libc_nano.a(libc_a-stdio.o) (_close_r)
/opt/st/stm32cubeide_1.15.0/plugins/com.st.stm32cube.ide.mcu.externaltools.gnu-tools-for-stm32.12.3.rel1.linux64_1.0.100.202403111256/tools/bin/../lib/gcc/arm-none-eabi/12.3.1/../../../../arm-none-eabi/lib/thumb/v8-m.main+fp/hard/libc_nano.a(libc_a-reent.o)
                              /opt/st/stm32cubeide_1.15.0/plugins/com.st.stm32cube.ide.mcu.externaltools.gnu-tools-for-stm32.12.3.rel1.linux64_1.0.100.202403111256/tools/bin/../lib/gcc/arm-none-eabi/12.3.1/../../../../arm-none-eabi/lib/thumb/v8-m.main+fp/hard/libc_nano.a(libc_a-closer.o) (errno)
/opt/st/stm32cubeide_1.15.0/plugins/com.st.stm32cube.ide.mcu.externaltools.gnu-tools-for-stm32.12.3.rel1.linux64_1.0.100.202403111256/tools/bin/../lib/gcc/arm-none-eabi/12.3.1/../../../../arm-none-eabi/lib/thumb/v8-m.main+fp/hard/libc_nano.a(libc_a-impure.o)
                              /opt/st/stm32cubeide_1.15.0/plugins/com.st.stm32cube.ide.mcu.externaltools.gnu-tools-for-stm32.12.3.rel1.linux64_1.0.100.202403111256/tools/bin/../lib/gcc/arm-none-eabi/12.3.1/../../../../arm-none-eabi/lib/thumb/v8-m.main+fp/hard/libc_nano.a(libc_a-reent.o) (_impure_ptr)
/opt/st/stm32cubeide_1.15.0/plugins/com.st.stm32cube.ide.mcu.externaltools.gnu-tools-for-stm32.12.3.rel1.linux64_1.0.100.202403111256/tools/bin/../lib/gcc/arm-none-eabi/12.3.1/../../../../arm-none-eabi/lib/thumb/v8-m.main+fp/hard/libc_nano.a(libc_a-lseekr.o)
[...]
Memory Configuration

Name             Origin             Length             Attributes
RAM              0x20000000         0x00270000         xrw
SRAM4            0x28000000         0x00004000         xrw
FLASH            0x08000000         0x00400000         xr
*default*        0x00000000         0xffffffff

Linker script and memory map

LOAD /opt/st/stm32cubeide_1.15.0/plugins/com.st.stm32cube.ide.mcu.externaltools.gnu-tools-for-stm32.12.3.rel1.linux64_1.0.100.202403111256/tools/bin/../lib/gcc/arm-none-eabi/12.3.1/thumb/v8-m.main+fp/hard/crti.o
LOAD /opt/st/stm32cubeide_1.15.0/plugins/com.st.stm32cube.ide.mcu.externaltools.gnu-tools-for-stm32.12.3.rel1.linux64_1.0.100.202403111256/tools/bin/../lib/gcc/arm-none-eabi/12.3.1/thumb/v8-m.main+fp/hard/crtbegin.o
LOAD /opt/st/stm32cubeide_1.15.0/plugins/com.st.stm32cube.ide.mcu.externaltools.gnu-tools-for-stm32.12.3.rel1.linux64_1.0.100.202403111256/tools/bin/../lib/gcc/arm-none-eabi/12.3.1/../../../../arm-none-eabi/lib/thumb/v8-m.main+fp/hard/crt0.o
LOAD ./Core/Src/main.o
LOAD ./Core/Src/stm32u5xx_hal_msp.o
LOAD ./Core/Src/stm32u5xx_it.o
LOAD ./Core/Src/syscalls.o
LOAD ./Core/Src/sysmem.o
LOAD ./Core/Src/system_stm32u5xx.o
LOAD ./Core/Startup/startup_stm32u5a5zjtxq.o
LOAD ./Drivers/STM32U5xx_HAL_Driver/Src/stm32u5xx_hal.o
LOAD ./Drivers/STM32U5xx_HAL_Driver/Src/stm32u5xx_hal_cortex.o
LOAD ./Drivers/STM32U5xx_HAL_Driver/Src/stm32u5xx_hal_dma.o
LOAD ./Drivers/STM32U5xx_HAL_Driver/Src/stm32u5xx_hal_dma_ex.o
LOAD ./Drivers/STM32U5xx_HAL_Driver/Src/stm32u5xx_hal_exti.o
LOAD ./Drivers/STM32U5xx_HAL_Driver/Src/stm32u5xx_hal_flash.o
LOAD ./Drivers/STM32U5xx_HAL_Driver/Src/stm32u5xx_hal_flash_ex.o
LOAD ./Drivers/STM32U5xx_HAL_Driver/Src/stm32u5xx_hal_gpio.o
LOAD ./Drivers/STM32U5xx_HAL_Driver/Src/stm32u5xx_hal_gtzc.o
LOAD ./Drivers/STM32U5xx_HAL_Driver/Src/stm32u5xx_hal_i2c.o
LOAD ./Drivers/STM32U5xx_HAL_Driver/Src/stm32u5xx_hal_i2c_ex.o
LOAD ./Drivers/STM32U5xx_HAL_Driver/Src/stm32u5xx_hal_icache.o
LOAD ./Drivers/STM32U5xx_HAL_Driver/Src/stm32u5xx_hal_pwr.o
LOAD ./Drivers/STM32U5xx_HAL_Driver/Src/stm32u5xx_hal_pwr_ex.o
LOAD ./Drivers/STM32U5xx_HAL_Driver/Src/stm32u5xx_hal_rcc.o
LOAD ./Drivers/STM32U5xx_HAL_Driver/Src/stm32u5xx_hal_rcc_ex.o
LOAD ./Drivers/STM32U5xx_HAL_Driver/Src/stm32u5xx_hal_tim.o
LOAD ./Drivers/STM32U5xx_HAL_Driver/Src/stm32u5xx_hal_tim_ex.o
START GROUP
LOAD /opt/st/stm32cubeide_1.15.0/plugins/com.st.stm32cube.ide.mcu.externaltools.gnu-tools-for-stm32.12.3.rel1.linux64_1.0.100.202403111256/tools/bin/../lib/gcc/arm-none-eabi/12.3.1/../../../../arm-none-eabi/lib/thumb/v8-m.main+fp/hard/libc_nano.a
LOAD /opt/st/stm32cubeide_1.15.0/plugins/com.st.stm32cube.ide.mcu.externaltools.gnu-tools-for-stm32.12.3.rel1.linux64_1.0.100.202403111256/tools/bin/../lib/gcc/arm-none-eabi/12.3.1/../../../../arm-none-eabi/lib/thumb/v8-m.main+fp/hard/libm.a
END GROUP
START GROUP
LOAD /opt/st/stm32cubeide_1.15.0/plugins/com.st.stm32cube.ide.mcu.externaltools.gnu-tools-for-stm32.12.3.rel1.linux64_1.0.100.202403111256/tools/bin/../lib/gcc/arm-none-eabi/12.3.1/thumb/v8-m.main+fp/hard/libgcc.a
LOAD /opt/st/stm32cubeide_1.15.0/plugins/com.st.stm32cube.ide.mcu.externaltools.gnu-tools-for-stm32.12.3.rel1.linux64_1.0.100.202403111256/tools/bin/../lib/gcc/arm-none-eabi/12.3.1/../../../../arm-none-eabi/lib/thumb/v8-m.main+fp/hard/libc_nano.a
END GROUP
START GROUP
LOAD /opt/st/stm32cubeide_1.15.0/plugins/com.st.stm32cube.ide.mcu.externaltools.gnu-tools-for-stm32.12.3.rel1.linux64_1.0.100.202403111256/tools/bin/../lib/gcc/arm-none-eabi/12.3.1/thumb/v8-m.main+fp/hard/libgcc.a
LOAD /opt/st/stm32cubeide_1.15.0/plugins/com.st.stm32cube.ide.mcu.externaltools.gnu-tools-for-stm32.12.3.rel1.linux64_1.0.100.202403111256/tools/bin/../lib/gcc/arm-none-eabi/12.3.1/../../../../arm-none-eabi/lib/thumb/v8-m.main+fp/hard/libc_nano.a
LOAD /opt/st/stm32cubeide_1.15.0/plugins/com.st.stm32cube.ide.mcu.externaltools.gnu-tools-for-stm32.12.3.rel1.linux64_1.0.100.202403111256/tools/bin/../lib/gcc/arm-none-eabi/12.3.1/../../../../arm-none-eabi/lib/thumb/v8-m.main+fp/hard/libnosys.a
END GROUP
START GROUP
LOAD /opt/st/stm32cubeide_1.15.0/plugins/com.st.stm32cube.ide.mcu.externaltools.gnu-tools-for-stm32.12.3.rel1.linux64_1.0.100.202403111256/tools/bin/../lib/gcc/arm-none-eabi/12.3.1/thumb/v8-m.main+fp/hard/libgcc.a
LOAD /opt/st/stm32cubeide_1.15.0/plugins/com.st.stm32cube.ide.mcu.externaltools.gnu-tools-for-stm32.12.3.rel1.linux64_1.0.100.202403111256/tools/bin/../lib/gcc/arm-none-eabi/12.3.1/../../../../arm-none-eabi/lib/thumb/v8-m.main+fp/hard/libc_nano.a
LOAD /opt/st/stm32cubeide_1.15.0/plugins/com.st.stm32cube.ide.mcu.externaltools.gnu-tools-for-stm32.12.3.rel1.linux64_1.0.100.202403111256/tools/bin/../lib/gcc/arm-none-eabi/12.3.1/../../../../arm-none-eabi/lib/thumb/v8-m.main+fp/hard/libnosys.a
END GROUP
LOAD /opt/st/stm32cubeide_1.15.0/plugins/com.st.stm32cube.ide.mcu.externaltools.gnu-tools-for-stm32.12.3.rel1.linux64_1.0.100.202403111256/tools/bin/../lib/gcc/arm-none-eabi/12.3.1/thumb/v8-m.main+fp/hard/crtend.o
LOAD /opt/st/stm32cubeide_1.15.0/plugins/com.st.stm32cube.ide.mcu.externaltools.gnu-tools-for-stm32.12.3.rel1.linux64_1.0.100.202403111256/tools/bin/../lib/gcc/arm-none-eabi/12.3.1/thumb/v8-m.main+fp/hard/crtn.o
                0x20270000                        _estack = (ORIGIN (RAM) + LENGTH (RAM))
                0x00000200                        _Min_Heap_Size = 0x200
                0x00000400                        _Min_Stack_Size = 0x400

.isr_vector     0x08000000      0x250
 *(.isr_vector)
 .isr_vector    0x08000000      0x250 ./Core/Startup/startup_stm32u5a5zjtxq.o
                0x08000000                g_pfnVectors

.text           0x08000250     0x2494
 *(.text)
 .text          0x08000250       0x40 /opt/st/stm32cubeide_1.15.0/plugins/com.st.stm32cube.ide.mcu.externaltools.gnu-tools-for-stm32.12.3.rel1.linux64_1.0.100.202403111256/tools/bin/../lib/gcc/arm-none-eabi/12.3.1/thumb/v8-m.main+fp/hard/crtbegin.o
 *(.text*)
 .text.main     0x08000290       0x30 ./Core/Src/main.o
                0x08000290                main
 .text.SystemClock_Config
                0x080002c0       0x94 ./Core/Src/main.o
                0x080002c0                SystemClock_Config
 .text.SystemPower_Config
                0x08000354       0x2e ./Core/Src/main.o
 .text.MX_ICACHE_Init
                0x08000382       0x26 ./Core/Src/main.o
 .text.MX_GPIO_Init
                0x080003a8      0x13c ./Core/Src/main.o
 .text.Error_Handler
                0x080004e4        0xc ./Core/Src/main.o
                0x080004e4                Error_Handler
 .text.HAL_MspInit
                0x080004f0       0x34 ./Core/Src/stm32u5xx_hal_msp.o
                0x080004f0                HAL_MspInit
 .text.NMI_Handler
                0x08000524        0x8 ./Core/Src/stm32u5xx_it.o
                0x08000524                NMI_Handler
 .text.HardFault_Handler
                0x0800052c        0x8 ./Core/Src/stm32u5xx_it.o
                0x0800052c                HardFault_Handler
 .text.MemManage_Handler
                0x08000534        0x8 ./Core/Src/stm32u5xx_it.o
                0x08000534                MemManage_Handler
 .text.BusFault_Handler
                0x0800053c        0x8 ./Core/Src/stm32u5xx_it.o
                0x0800053c                BusFault_Handler
 .text.UsageFault_Handler
                0x08000544        0x8 ./Core/Src/stm32u5xx_it.o
                0x08000544                UsageFault_Handler
 .text.SVC_Handler
                0x0800054c        0xe ./Core/Src/stm32u5xx_it.o
                0x0800054c                SVC_Handler
 .text.DebugMon_Handler
                0x0800055a        0xe ./Core/Src/stm32u5xx_it.o
                0x0800055a                DebugMon_Handler
 .text.PendSV_Handler
                0x08000568        0xe ./Core/Src/stm32u5xx_it.o
                0x08000568                PendSV_Handler
 .text.SysTick_Handler
                0x08000576        0xc ./Core/Src/stm32u5xx_it.o
                0x08000576                SysTick_Handler
 *fill*         0x08000582        0x2 
 .text.SystemInit
                0x08000584       0x70 ./Core/Src/system_stm32u5xx.o
                0x08000584                SystemInit
 .text.Reset_Handler
                0x080005f4       0x50 ./Core/Startup/startup_stm32u5a5zjtxq.o
                0x080005f4                Reset_Handler
 .text.Default_Handler
                0x08000644        0x2 ./Core/Startup/startup_stm32u5a5zjtxq.o
                0x08000644                EXTI2_IRQHandler
                0x08000644                TIM8_TRG_COM_IRQHandler
                0x08000644                TIM8_CC_IRQHandler
                0x08000644                EXTI5_IRQHandler
                0x08000644                FLASH_S_IRQHandler
                0x08000644                EXTI13_IRQHandler
                0x08000644                TIM1_CC_IRQHandler
                0x08000644                TSC_IRQHandler
                0x08000644                TAMP_IRQHandler
                0x08000644                TIM6_IRQHandler
                0x08000644                EXTI12_IRQHandler
                0x08000644                CORDIC_IRQHandler
                0x08000644                EXTI3_IRQHandler
                0x08000644                LPTIM4_IRQHandler
                0x08000644                GPDMA1_Channel5_IRQHandler
                0x08000644                EXTI8_IRQHandler
                0x08000644                LPTIM2_IRQHandler
                0x08000644                I2C3_ER_IRQHandler
                0x08000644                I2C5_EV_IRQHandler
                0x08000644                PWR_S3WU_IRQHandler
                0x08000644                MDF1_FLT2_IRQHandler
                0x08000644                LPDMA1_Channel3_IRQHandler
                0x08000644                LPTIM3_IRQHandler
                0x08000644                EXTI0_IRQHandler
                0x08000644                I2C2_EV_IRQHandler
                0x08000644                FPU_IRQHandler
                0x08000644                GPDMA1_Channel3_IRQHandler
                0x08000644                GPDMA1_Channel7_IRQHandler
                0x08000644                MDF1_FLT4_IRQHandler
                0x08000644                FDCAN1_IT1_IRQHandler
                0x08000644                RAMCFG_IRQHandler
                0x08000644                ADC1_2_IRQHandler
                0x08000644                GPDMA1_Channel9_IRQHandler
                0x08000644                DCACHE1_IRQHandler
                0x08000644                SPI1_IRQHandler
                0x08000644                OCTOSPI1_IRQHandler
                0x08000644                GPDMA1_Channel2_IRQHandler
                0x08000644                TIM8_UP_IRQHandler
                0x08000644                RCC_S_IRQHandler
                0x08000644                OCTOSPI2_IRQHandler
                0x08000644                SAI2_IRQHandler
                0x08000644                MDF1_FLT1_IRQHandler
                0x08000644                PKA_IRQHandler
                0x08000644                USART6_IRQHandler
                0x08000644                MDF1_FLT5_IRQHandler
                0x08000644                EXTI15_IRQHandler
                0x08000644                TIM17_IRQHandler
                0x08000644                USART3_IRQHandler
                0x08000644                RTC_IRQHandler
                0x08000644                EXTI9_IRQHandler
                0x08000644                HSPI1_IRQHandler
                0x08000644                UART5_IRQHandler
                0x08000644                TIM4_IRQHandler
                0x08000644                I2C1_EV_IRQHandler
                0x08000644                GPDMA1_Channel12_IRQHandler
                0x08000644                GPDMA1_Channel1_IRQHandler
                0x08000644                TIM16_IRQHandler
                0x08000644                GPDMA1_Channel15_IRQHandler
                0x08000644                UART4_IRQHandler
                0x08000644                SecureFault_Handler
                0x08000644                TIM3_IRQHandler
                0x08000644                RCC_IRQHandler
                0x08000644                TIM1_TRG_COM_IRQHandler
                0x08000644                Default_Handler
                0x08000644                GPDMA1_Channel8_IRQHandler
                0x08000644                FMAC_IRQHandler
                0x08000644                I2C5_ER_IRQHandler
                0x08000644                OTFDEC1_IRQHandler
                0x08000644                GPDMA1_Channel11_IRQHandler
                0x08000644                TIM7_IRQHandler
                0x08000644                SDMMC1_IRQHandler
                0x08000644                SAES_IRQHandler
                0x08000644                TIM5_IRQHandler
                0x08000644                UCPD1_IRQHandler
                0x08000644                GPDMA1_Channel0_IRQHandler
                0x08000644                TIM15_IRQHandler
                0x08000644                I2C3_EV_IRQHandler
                0x08000644                LPDMA1_Channel0_IRQHandler
                0x08000644                PVD_PVM_IRQHandler
                0x08000644                SPI2_IRQHandler
                0x08000644                LPDMA1_Channel1_IRQHandler
                0x08000644                EXTI14_IRQHandler
                0x08000644                EXTI11_IRQHandler
                0x08000644                OTFDEC2_IRQHandler
                0x08000644                CRS_IRQHandler
                0x08000644                GPDMA1_Channel14_IRQHandler
                0x08000644                LSECSSD_IRQHandler
                0x08000644                EXTI4_IRQHandler
                0x08000644                RTC_S_IRQHandler
                0x08000644                GPDMA1_Channel13_IRQHandler
                0x08000644                RNG_IRQHandler
                0x08000644                COMP_IRQHandler
                0x08000644                TIM1_UP_IRQHandler
                0x08000644                ADC4_IRQHandler
                0x08000644                WWDG_IRQHandler
                0x08000644                I2C4_EV_IRQHandler
                0x08000644                ADF1_IRQHandler
                0x08000644                IWDG_IRQHandler
                0x08000644                I2C6_ER_IRQHandler
                0x08000644                LPUART1_IRQHandler
                0x08000644                MDF1_FLT0_IRQHandler
                0x08000644                FDCAN1_IT0_IRQHandler
                0x08000644                TIM2_IRQHandler
                0x08000644                GPDMA1_Channel4_IRQHandler
                0x08000644                OTG_HS_IRQHandler
                0x08000644                EXTI7_IRQHandler
                0x08000644                DMA2D_IRQHandler
                0x08000644                TIM1_BRK_IRQHandler
                0x08000644                EXTI1_IRQHandler
                0x08000644                SDMMC2_IRQHandler
                0x08000644                AES_IRQHandler
                0x08000644                DAC1_IRQHandler
                0x08000644                GTZC_IRQHandler
                0x08000644                MDF1_FLT3_IRQHandler
                0x08000644                USART2_IRQHandler
                0x08000644                I2C6_EV_IRQHandler
                0x08000644                GPDMA1_Channel6_IRQHandler
                0x08000644                I2C2_ER_IRQHandler
                0x08000644                TIM8_BRK_IRQHandler
                0x08000644                FLASH_IRQHandler
                0x08000644                USART1_IRQHandler
                0x08000644                EXTI10_IRQHandler
                0x08000644                SPI3_IRQHandler
                0x08000644                LPDMA1_Channel2_IRQHandler
                0x08000644                I2C1_ER_IRQHandler
                0x08000644                FMC_IRQHandler
                0x08000644                EXTI6_IRQHandler
                0x08000644                LPTIM1_IRQHandler
                0x08000644                DCMI_PSSI_IRQHandler
                0x08000644                I2C4_ER_IRQHandler
                0x08000644                GPDMA1_Channel10_IRQHandler
                0x08000644                ICACHE_IRQHandler
                0x08000644                SAI1_IRQHandler
                0x08000644                HASH_IRQHandler
 *fill*         0x08000646        0x2 
 .text.HAL_Init
                0x08000648       0x60 ./Drivers/STM32U5xx_HAL_Driver/Src/stm32u5xx_hal.o
                0x08000648                HAL_Init
 .text.HAL_InitTick
                0x080006a8       0xec ./Drivers/STM32U5xx_HAL_Driver/Src/stm32u5xx_hal.o
                0x080006a8                HAL_InitTick
 .text.HAL_IncTick
                0x08000794       0x28 ./Drivers/STM32U5xx_HAL_Driver/Src/stm32u5xx_hal.o
                0x08000794                HAL_IncTick
 .text.HAL_GetTick
                0x080007bc       0x18 ./Drivers/STM32U5xx_HAL_Driver/Src/stm32u5xx_hal.o
                0x080007bc                HAL_GetTick
 .text.HAL_Delay
                0x080007d4       0x48 ./Drivers/STM32U5xx_HAL_Driver/Src/stm32u5xx_hal.o
                0x080007d4                HAL_Delay
 .text.__NVIC_SetPriorityGrouping
                0x0800081c       0x48 ./Drivers/STM32U5xx_HAL_Driver/Src/stm32u5xx_hal_cortex.o
 .text.__NVIC_GetPriorityGrouping
                0x08000864       0x1c ./Drivers/STM32U5xx_HAL_Driver/Src/stm32u5xx_hal_cortex.o
 .text.__NVIC_SetPriority
                0x08000880       0x54 ./Drivers/STM32U5xx_HAL_Driver/Src/stm32u5xx_hal_cortex.o
 .text.NVIC_EncodePriority
                0x080008d4       0x66 ./Drivers/STM32U5xx_HAL_Driver/Src/stm32u5xx_hal_cortex.o
 .text.HAL_NVIC_SetPriorityGrouping
                0x0800093a       0x16 ./Drivers/STM32U5xx_HAL_Driver/Src/stm32u5xx_hal_cortex.o
                0x0800093a                HAL_NVIC_SetPriorityGrouping
 .text.HAL_NVIC_SetPriority
                0x08000950       0x34 ./Drivers/STM32U5xx_HAL_Driver/Src/stm32u5xx_hal_cortex.o
                0x08000950                HAL_NVIC_SetPriority
 .text.HAL_SYSTICK_Config
                0x08000984       0x44 ./Drivers/STM32U5xx_HAL_Driver/Src/stm32u5xx_hal_cortex.o
                0x08000984                HAL_SYSTICK_Config
 .text.HAL_SYSTICK_CLKSourceConfig
                0x080009c8       0xb0 ./Drivers/STM32U5xx_HAL_Driver/Src/stm32u5xx_hal_cortex.o
                0x080009c8                HAL_SYSTICK_CLKSourceConfig
 .text.HAL_SYSTICK_GetCLKSourceConfig
                0x08000a78       0x74 ./Drivers/STM32U5xx_HAL_Driver/Src/stm32u5xx_hal_cortex.o
                0x08000a78                HAL_SYSTICK_GetCLKSourceConfig
 .text.HAL_GPIO_Init
                0x08000aec      0x3b0 ./Drivers/STM32U5xx_HAL_Driver/Src/stm32u5xx_hal_gpio.o
                0x08000aec                HAL_GPIO_Init
 .text.HAL_GPIO_WritePin
                0x08000e9c       0x30 ./Drivers/STM32U5xx_HAL_Driver/Src/stm32u5xx_hal_gpio.o
                0x08000e9c                HAL_GPIO_WritePin
 .text.HAL_GPIO_TogglePin
                0x08000ecc       0x34 ./Drivers/STM32U5xx_HAL_Driver/Src/stm32u5xx_hal_gpio.o
                0x08000ecc                HAL_GPIO_TogglePin
 .text.HAL_ICACHE_ConfigAssociativityMode
                0x08000f00       0x40 ./Drivers/STM32U5xx_HAL_Driver/Src/stm32u5xx_hal_icache.o
                0x08000f00                HAL_ICACHE_ConfigAssociativityMode
 .text.HAL_ICACHE_Enable
                0x08000f40       0x20 ./Drivers/STM32U5xx_HAL_Driver/Src/stm32u5xx_hal_icache.o
                0x08000f40                HAL_ICACHE_Enable
 .text.HAL_PWR_ConfigPVD
                0x08000f60       0xdc ./Drivers/STM32U5xx_HAL_Driver/Src/stm32u5xx_hal_pwr.o
                0x08000f60                HAL_PWR_ConfigPVD
 .text.HAL_PWR_EnablePVD
                0x0800103c       0x20 ./Drivers/STM32U5xx_HAL_Driver/Src/stm32u5xx_hal_pwr.o
                0x0800103c                HAL_PWR_EnablePVD
 .text.HAL_PWREx_ControlVoltageScaling
                0x0800105c       0xfc ./Drivers/STM32U5xx_HAL_Driver/Src/stm32u5xx_hal_pwr_ex.o
                0x0800105c                HAL_PWREx_ControlVoltageScaling
 .text.HAL_PWREx_GetVoltageRange
                0x08001158       0x1c ./Drivers/STM32U5xx_HAL_Driver/Src/stm32u5xx_hal_pwr_ex.o
                0x08001158                HAL_PWREx_GetVoltageRange
 .text.HAL_PWREx_EnableVddIO2
                0x08001174       0x20 ./Drivers/STM32U5xx_HAL_Driver/Src/stm32u5xx_hal_pwr_ex.o
                0x08001174                HAL_PWREx_EnableVddIO2
 .text.HAL_RCC_OscConfig
                0x08001194      0xdb8 ./Drivers/STM32U5xx_HAL_Driver/Src/stm32u5xx_hal_rcc.o
                0x08001194                HAL_RCC_OscConfig
 .text.HAL_RCC_ClockConfig
                0x08001f4c      0x3e4 ./Drivers/STM32U5xx_HAL_Driver/Src/stm32u5xx_hal_rcc.o
                0x08001f4c                HAL_RCC_ClockConfig
 .text.HAL_RCC_GetSysClockFreq
                0x08002330      0x204 ./Drivers/STM32U5xx_HAL_Driver/Src/stm32u5xx_hal_rcc.o
                0x08002330                HAL_RCC_GetSysClockFreq
 .text.HAL_RCC_GetHCLKFreq
                0x08002534       0x34 ./Drivers/STM32U5xx_HAL_Driver/Src/stm32u5xx_hal_rcc.o
                0x08002534                HAL_RCC_GetHCLKFreq
 .text.RCC_SetFlashLatencyFromMSIRange
                0x08002568      0x10c ./Drivers/STM32U5xx_HAL_Driver/Src/stm32u5xx_hal_rcc.o
 .text.memset   0x08002674       0x10 /opt/st/stm32cubeide_1.15.0/plugins/com.st.stm32cube.ide.mcu.externaltools.gnu-tools-for-stm32.12.3.rel1.linux64_1.0.100.202403111256/tools/bin/../lib/gcc/arm-none-eabi/12.3.1/../../../../arm-none-eabi/lib/thumb/v8-m.main+fp/hard/libc_nano.a(libc_a-memset.o)
                0x08002674                memset
 .text.__libc_init_array
                0x08002684       0x48 /opt/st/stm32cubeide_1.15.0/plugins/com.st.stm32cube.ide.mcu.externaltools.gnu-tools-for-stm32.12.3.rel1.linux64_1.0.100.202403111256/tools/bin/../lib/gcc/arm-none-eabi/12.3.1/../../../../arm-none-eabi/lib/thumb/v8-m.main+fp/hard/libc_nano.a(libc_a-init.o)
                0x08002684                __libc_init_array
 *(.glue_7)
 .glue_7        0x080026cc        0x0 linker stubs
 *(.glue_7t)
 .glue_7t       0x080026cc        0x0 linker stubs
 *(.eh_frame)
 .eh_frame      0x080026cc        0x0 /opt/st/stm32cubeide_1.15.0/plugins/com.st.stm32cube.ide.mcu.externaltools.gnu-tools-for-stm32.12.3.rel1.linux64_1.0.100.202403111256/tools/bin/../lib/gcc/arm-none-eabi/12.3.1/thumb/v8-m.main+fp/hard/crtbegin.o
 *(.init)
 .init          0x080026cc        0x4 /opt/st/stm32cubeide_1.15.0/plugins/com.st.stm32cube.ide.mcu.externaltools.gnu-tools-for-stm32.12.3.rel1.linux64_1.0.100.202403111256/tools/bin/../lib/gcc/arm-none-eabi/12.3.1/thumb/v8-m.main+fp/hard/crti.o
                0x080026cc                _init
 .init          0x080026d0        0x8 /opt/st/stm32cubeide_1.15.0/plugins/com.st.stm32cube.ide.mcu.externaltools.gnu-tools-for-stm32.12.3.rel1.linux64_1.0.100.202403111256/tools/bin/../lib/gcc/arm-none-eabi/12.3.1/thumb/v8-m.main+fp/hard/crtn.o
 *(.fini)
 .fini          0x080026d8        0x4 /opt/st/stm32cubeide_1.15.0/plugins/com.st.stm32cube.ide.mcu.externaltools.gnu-tools-for-stm32.12.3.rel1.linux64_1.0.100.202403111256/tools/bin/../lib/gcc/arm-none-eabi/12.3.1/thumb/v8-m.main+fp/hard/crti.o
                0x080026d8                _fini
 .fini          0x080026dc        0x8 /opt/st/stm32cubeide_1.15.0/plugins/com.st.stm32cube.ide.mcu.externaltools.gnu-tools-for-stm32.12.3.rel1.linux64_1.0.100.202403111256/tools/bin/../lib/gcc/arm-none-eabi/12.3.1/thumb/v8-m.main+fp/hard/crtn.o
                0x080026e4                        _etext = .

.vfp11_veneer   0x080026e4        0x0
 .vfp11_veneer  0x080026e4        0x0 linker stubs

.v4_bx          0x080026e4        0x0
 .v4_bx         0x080026e4        0x0 linker stubs

.iplt           0x080026e4        0x0
 .iplt          0x080026e4        0x0 /opt/st/stm32cubeide_1.15.0/plugins/com.st.stm32cube.ide.mcu.externaltools.gnu-tools-for-stm32.12.3.rel1.linux64_1.0.100.202403111256/tools/bin/../lib/gcc/arm-none-eabi/12.3.1/thumb/v8-m.main+fp/hard/crtbegin.o

.rodata         0x080026e4       0xd0
 *(.rodata)
 *(.rodata*)
 .rodata.AHBPrescTable
                0x080026e4       0x10 ./Core/Src/system_stm32u5xx.o
                0x080026e4                AHBPrescTable
 .rodata.MSIRangeTable
                0x080026f4       0x40 ./Core/Src/system_stm32u5xx.o
                0x080026f4                MSIRangeTable
 .rodata.LPGPIO_Map
                0x08002734       0x80 ./Drivers/STM32U5xx_HAL_Driver/Src/stm32u5xx_hal_gpio.o

.ARM.extab
 *(.ARM.extab* .gnu.linkonce.armextab.*)

.ARM            0x080027b4        0x0
                0x080027b4                        __exidx_start = .
 *(.ARM.exidx*)
                0x080027b4                        __exidx_end = .

.preinit_array  0x080027b4        0x0
                0x080027b4                        PROVIDE (__preinit_array_start = .)
 *(.preinit_array*)
                0x080027b4                        PROVIDE (__preinit_array_end = .)

.init_array     0x080027b4        0x4
                0x080027b4                        PROVIDE (__init_array_start = .)
 *(SORT_BY_NAME(.init_array.*))
 *(.init_array*)
 .init_array    0x080027b4        0x4 /opt/st/stm32cubeide_1.15.0/plugins/com.st.stm32cube.ide.mcu.externaltools.gnu-tools-for-stm32.12.3.rel1.linux64_1.0.100.202403111256/tools/bin/../lib/gcc/arm-none-eabi/12.3.1/thumb/v8-m.main+fp/hard/crtbegin.o
                0x080027b8                        PROVIDE (__init_array_end = .)

.fini_array     0x080027b8        0x4
                [!provide]                        PROVIDE (__fini_array_start = .)
 *(SORT_BY_NAME(.fini_array.*))
 *(.fini_array*)
 .fini_array    0x080027b8        0x4 /opt/st/stm32cubeide_1.15.0/plugins/com.st.stm32cube.ide.mcu.externaltools.gnu-tools-for-stm32.12.3.rel1.linux64_1.0.100.202403111256/tools/bin/../lib/gcc/arm-none-eabi/12.3.1/thumb/v8-m.main+fp/hard/crtbegin.o
                [!provide]                        PROVIDE (__fini_array_end = .)
                0x080027bc                        _sidata = LOADADDR (.data)

.rel.dyn        0x080027bc        0x0
 .rel.iplt      0x080027bc        0x0 /opt/st/stm32cubeide_1.15.0/plugins/com.st.stm32cube.ide.mcu.externaltools.gnu-tools-for-stm32.12.3.rel1.linux64_1.0.100.202403111256/tools/bin/../lib/gcc/arm-none-eabi/12.3.1/thumb/v8-m.main+fp/hard/crtbegin.o

.data           0x20000000        0x9 load address 0x080027bc
                0x20000000                        _sdata = .
 *(.data)
 *(.data*)
 .data.SystemCoreClock
                0x20000000        0x4 ./Core/Src/system_stm32u5xx.o
                0x20000000                SystemCoreClock
 .data.uwTickPrio
                0x20000004        0x4 ./Drivers/STM32U5xx_HAL_Driver/Src/stm32u5xx_hal.o
                0x20000004                uwTickPrio
 .data.uwTickFreq
                0x20000008        0x1 ./Drivers/STM32U5xx_HAL_Driver/Src/stm32u5xx_hal.o
                0x20000008                uwTickFreq
 *(.RamFunc)
 *(.RamFunc*)
                0x20000009                        _edata = .

.igot.plt       0x2000000c        0x0 load address 0x080027c5
 .igot.plt      0x2000000c        0x0 /opt/st/stm32cubeide_1.15.0/plugins/com.st.stm32cube.ide.mcu.externaltools.gnu-tools-for-stm32.12.3.rel1.linux64_1.0.100.202403111256/tools/bin/../lib/gcc/arm-none-eabi/12.3.1/thumb/v8-m.main+fp/hard/crtbegin.o

.bss            0x2000000c       0x20 load address 0x080027c5
                0x2000000c                        _sbss = .
                0x2000000c                        __bss_start__ = _sbss
 *(.bss)
 .bss           0x2000000c       0x1c /opt/st/stm32cubeide_1.15.0/plugins/com.st.stm32cube.ide.mcu.externaltools.gnu-tools-for-stm32.12.3.rel1.linux64_1.0.100.202403111256/tools/bin/../lib/gcc/arm-none-eabi/12.3.1/thumb/v8-m.main+fp/hard/crtbegin.o
 *(.bss*)
 .bss.uwTick    0x20000028        0x4 ./Drivers/STM32U5xx_HAL_Driver/Src/stm32u5xx_hal.o
                0x20000028                uwTick
 *(COMMON)
                0x2000002c                        _ebss = .
                0x2000002c                        __bss_end__ = _ebss

._user_heap_stack
                0x2000002c      0x604 load address 0x080027c5
                0x20000030                        . = ALIGN (0x8)
 *fill*         0x2000002c        0x4 
                [!provide]                        PROVIDE (end = .)
                0x20000030                        PROVIDE (_end = .)
                0x20000230                        . = (. + _Min_Heap_Size)
 *fill*         0x20000030      0x200 
                0x20000630                        . = (. + _Min_Stack_Size)
 *fill*         0x20000230      0x400 
                0x20000630                        . = ALIGN (0x8)

/DISCARD/
 libc.a(*)
 libm.a(*)
 libgcc.a(*)

.ARM.attributes
                0x00000000       0x36
 *(.ARM.attributes)
 .ARM.attributes
                0x00000000       0x26 /opt/st/stm32cubeide_1.15.0/plugins/com.st.stm32cube.ide.mcu.externaltools.gnu-tools-for-stm32.12.3.rel1.linux64_1.0.100.202403111256/tools/bin/../lib/gcc/arm-none-eabi/12.3.1/thumb/v8-m.main+fp/hard/crti.o
 .ARM.attributes
                0x00000026       0x38 /opt/st/stm32cubeide_1.15.0/plugins/com.st.stm32cube.ide.mcu.externaltools.gnu-tools-for-stm32.12.3.rel1.linux64_1.0.100.202403111256/tools/bin/../lib/gcc/arm-none-eabi/12.3.1/thumb/v8-m.main+fp/hard/crtbegin.o
 .ARM.attributes
                0x0000005e       0x3a ./Core/Src/main.o
 .ARM.attributes
                0x00000098       0x3a ./Core/Src/stm32u5xx_hal_msp.o
 .ARM.attributes
                0x000000d2       0x3a ./Core/Src/stm32u5xx_it.o
 .ARM.attributes
                0x0000010c       0x3a ./Core/Src/system_stm32u5xx.o
 .ARM.attributes
                0x00000146       0x24 ./Core/Startup/startup_stm32u5a5zjtxq.o
 .ARM.attributes
                0x0000016a       0x3a ./Drivers/STM32U5xx_HAL_Driver/Src/stm32u5xx_hal.o
 .ARM.attributes
                0x000001a4       0x3a ./Drivers/STM32U5xx_HAL_Driver/Src/stm32u5xx_hal_cortex.o
 .ARM.attributes
                0x000001de       0x3a ./Drivers/STM32U5xx_HAL_Driver/Src/stm32u5xx_hal_gpio.o
 .ARM.attributes
                0x00000218       0x3a ./Drivers/STM32U5xx_HAL_Driver/Src/stm32u5xx_hal_icache.o
 .ARM.attributes
                0x00000252       0x3a ./Drivers/STM32U5xx_HAL_Driver/Src/stm32u5xx_hal_pwr.o
 .ARM.attributes
                0x0000028c       0x3a ./Drivers/STM32U5xx_HAL_Driver/Src/stm32u5xx_hal_pwr_ex.o
 .ARM.attributes
                0x000002c6       0x3a ./Drivers/STM32U5xx_HAL_Driver/Src/stm32u5xx_hal_rcc.o
 .ARM.attributes
                0x00000300       0x38 /opt/st/stm32cubeide_1.15.0/plugins/com.st.stm32cube.ide.mcu.externaltools.gnu-tools-for-stm32.12.3.rel1.linux64_1.0.100.202403111256/tools/bin/../lib/gcc/arm-none-eabi/12.3.1/../../../../arm-none-eabi/lib/thumb/v8-m.main+fp/hard/libc_nano.a(libc_a-memset.o)
 .ARM.attributes
                0x00000338       0x38 /opt/st/stm32cubeide_1.15.0/plugins/com.st.stm32cube.ide.mcu.externaltools.gnu-tools-for-stm32.12.3.rel1.linux64_1.0.100.202403111256/tools/bin/../lib/gcc/arm-none-eabi/12.3.1/../../../../arm-none-eabi/lib/thumb/v8-m.main+fp/hard/libc_nano.a(libc_a-init.o)
 .ARM.attributes
                0x00000370       0x26 /opt/st/stm32cubeide_1.15.0/plugins/com.st.stm32cube.ide.mcu.externaltools.gnu-tools-for-stm32.12.3.rel1.linux64_1.0.100.202403111256/tools/bin/../lib/gcc/arm-none-eabi/12.3.1/thumb/v8-m.main+fp/hard/crtn.o
OUTPUT(capstone.elf elf32-littlearm)
LOAD linker stubs
LOAD /opt/st/stm32cubeide_1.15.0/plugins/com.st.stm32cube.ide.mcu.externaltools.gnu-tools-for-stm32.12.3.rel1.linux64_1.0.100.202403111256/tools/bin/../lib/gcc/arm-none-eabi/12.3.1/../../../../arm-none-eabi/lib/thumb/v8-m.main+fp/hard/libc.a
LOAD /opt/st/stm32cubeide_1.15.0/plugins/com.st.stm32cube.ide.mcu.externaltools.gnu-tools-for-stm32.12.3.rel1.linux64_1.0.100.202403111256/tools/bin/../lib/gcc/arm-none-eabi/12.3.1/../../../../arm-none-eabi/lib/thumb/v8-m.main+fp/hard/libm.a
LOAD /opt/st/stm32cubeide_1.15.0/plugins/com.st.stm32cube.ide.mcu.externaltools.gnu-tools-for-stm32.12.3.rel1.linux64_1.0.100.202403111256/tools/bin/../lib/gcc/arm-none-eabi/12.3.1/thumb/v8-m.main+fp/hard/libgcc.a

.debug_info     0x00000000     0x7c87
 .debug_info    0x00000000      0x9bb ./Core/Src/main.o
 .debug_info    0x000009bb      0x40c ./Core/Src/stm32u5xx_hal_msp.o
 .debug_info    0x00000dc7      0x128 ./Core/Src/stm32u5xx_it.o
 .debug_info    0x00000eef      0x929 ./Core/Src/system_stm32u5xx.o
 .debug_info    0x00001818       0x30 ./Core/Startup/startup_stm32u5a5zjtxq.o
 .debug_info    0x00001848     0x1432 ./Drivers/STM32U5xx_HAL_Driver/Src/stm32u5xx_hal.o
 .debug_info    0x00002c7a     0x167c ./Drivers/STM32U5xx_HAL_Driver/Src/stm32u5xx_hal_cortex.o
 .debug_info    0x000042f6      0x859 ./Drivers/STM32U5xx_HAL_Driver/Src/stm32u5xx_hal_gpio.o
 .debug_info    0x00004b4f      0x4d6 ./Drivers/STM32U5xx_HAL_Driver/Src/stm32u5xx_hal_icache.o
 .debug_info    0x00005025      0xaa6 ./Drivers/STM32U5xx_HAL_Driver/Src/stm32u5xx_hal_pwr.o
 .debug_info    0x00005acb      0xf0c ./Drivers/STM32U5xx_HAL_Driver/Src/stm32u5xx_hal_pwr_ex.o
 .debug_info    0x000069d7     0x12b0 ./Drivers/STM32U5xx_HAL_Driver/Src/stm32u5xx_hal_rcc.o

.debug_abbrev   0x00000000     0x16a0
 .debug_abbrev  0x00000000      0x273 ./Core/Src/main.o
 .debug_abbrev  0x00000273       0xde ./Core/Src/stm32u5xx_hal_msp.o
 .debug_abbrev  0x00000351       0x73 ./Core/Src/stm32u5xx_it.o
 .debug_abbrev  0x000003c4      0x129 ./Core/Src/system_stm32u5xx.o
 .debug_abbrev  0x000004ed       0x24 ./Core/Startup/startup_stm32u5a5zjtxq.o
 .debug_abbrev  0x00000511      0x2b9 ./Drivers/STM32U5xx_HAL_Driver/Src/stm32u5xx_hal.o
 .debug_abbrev  0x000007ca      0x311 ./Drivers/STM32U5xx_HAL_Driver/Src/stm32u5xx_hal_cortex.o
 .debug_abbrev  0x00000adb      0x25a ./Drivers/STM32U5xx_HAL_Driver/Src/stm32u5xx_hal_gpio.o
 .debug_abbrev  0x00000d35      0x228 ./Drivers/STM32U5xx_HAL_Driver/Src/stm32u5xx_hal_icache.o
 .debug_abbrev  0x00000f5d      0x235 ./Drivers/STM32U5xx_HAL_Driver/Src/stm32u5xx_hal_pwr.o
 .debug_abbrev  0x00001192      0x243 ./Drivers/STM32U5xx_HAL_Driver/Src/stm32u5xx_hal_pwr_ex.o
 .debug_abbrev  0x000013d5      0x2cb ./Drivers/STM32U5xx_HAL_Driver/Src/stm32u5xx_hal_rcc.o

.debug_aranges  0x00000000      0x898
 .debug_aranges
                0x00000000       0x48 ./Core/Src/main.o
 .debug_aranges
                0x00000048       0x20 ./Core/Src/stm32u5xx_hal_msp.o
 .debug_aranges
                0x00000068       0x60 ./Core/Src/stm32u5xx_it.o
 .debug_aranges
                0x000000c8       0x28 ./Core/Src/system_stm32u5xx.o
 .debug_aranges
                0x000000f0       0x28 ./Core/Startup/startup_stm32u5a5zjtxq.o
 .debug_aranges
                0x00000118      0x198 ./Drivers/STM32U5xx_HAL_Driver/Src/stm32u5xx_hal.o
 .debug_aranges
                0x000002b0      0x140 ./Drivers/STM32U5xx_HAL_Driver/Src/stm32u5xx_hal_cortex.o
 .debug_aranges
                0x000003f0       0x78 ./Drivers/STM32U5xx_HAL_Driver/Src/stm32u5xx_hal_gpio.o
 .debug_aranges
                0x00000468       0xa8 ./Drivers/STM32U5xx_HAL_Driver/Src/stm32u5xx_hal_icache.o
 .debug_aranges
                0x00000510       0xb0 ./Drivers/STM32U5xx_HAL_Driver/Src/stm32u5xx_hal_pwr.o
 .debug_aranges
                0x000005c0      0x230 ./Drivers/STM32U5xx_HAL_Driver/Src/stm32u5xx_hal_pwr_ex.o
 .debug_aranges
                0x000007f0       0xa8 ./Drivers/STM32U5xx_HAL_Driver/Src/stm32u5xx_hal_rcc.o

.debug_rnglists
                0x00000000      0x654
 .debug_rnglists
                0x00000000       0x33 ./Core/Src/main.o
 .debug_rnglists
                0x00000033       0x13 ./Core/Src/stm32u5xx_hal_msp.o
 .debug_rnglists
                0x00000046       0x43 ./Core/Src/stm32u5xx_it.o
 .debug_rnglists
                0x00000089       0x1a ./Core/Src/system_stm32u5xx.o
 .debug_rnglists
                0x000000a3       0x19 ./Core/Startup/startup_stm32u5a5zjtxq.o
 .debug_rnglists
                0x000000bc      0x12f ./Drivers/STM32U5xx_HAL_Driver/Src/stm32u5xx_hal.o
 .debug_rnglists
                0x000001eb       0xec ./Drivers/STM32U5xx_HAL_Driver/Src/stm32u5xx_hal_cortex.o
 .debug_rnglists
                0x000002d7       0x5a ./Drivers/STM32U5xx_HAL_Driver/Src/stm32u5xx_hal_gpio.o
 .debug_rnglists
                0x00000331       0x7a ./Drivers/STM32U5xx_HAL_Driver/Src/stm32u5xx_hal_icache.o
 .debug_rnglists
                0x000003ab       0x80 ./Drivers/STM32U5xx_HAL_Driver/Src/stm32u5xx_hal_pwr.o
 .debug_rnglists
                0x0000042b      0x1aa ./Drivers/STM32U5xx_HAL_Driver/Src/stm32u5xx_hal_pwr_ex.o
 .debug_rnglists
                0x000005d5       0x7f ./Drivers/STM32U5xx_HAL_Driver/Src/stm32u5xx_hal_rcc.o

.debug_macro    0x00000000    0x33532
 .debug_macro   0x00000000      0x25e ./Core/Src/main.o
 .debug_macro   0x0000025e      0xaba ./Core/Src/main.o
 .debug_macro   0x00000d18      0x1e0 ./Core/Src/main.o
 .debug_macro   0x00000ef8       0x2e ./Core/Src/main.o
 .debug_macro   0x00000f26       0x42 ./Core/Src/main.o
 .debug_macro   0x00000f68       0x22 ./Core/Src/main.o
 .debug_macro   0x00000f8a       0x8e ./Core/Src/main.o
 .debug_macro   0x00001018       0x51 ./Core/Src/main.o
 .debug_macro   0x00001069      0x103 ./Core/Src/main.o
 .debug_macro   0x0000116c       0x6a ./Core/Src/main.o
 .debug_macro   0x000011d6      0x1df ./Core/Src/main.o
 .debug_macro   0x000013b5       0x1c ./Core/Src/main.o
 .debug_macro   0x000013d1       0x29 ./Core/Src/main.o
 .debug_macro   0x000013fa       0xfb ./Core/Src/main.o
 .debug_macro   0x000014f5     0x1685 ./Core/Src/main.o
 .debug_macro   0x00002b7a       0x5e ./Core/Src/main.o
 .debug_macro   0x00002bd8    0x25d1d ./Core/Src/main.o
 .debug_macro   0x000288f5       0x6d ./Core/Src/main.o
 .debug_macro   0x00028962     0x3873 ./Core/Src/main.o
 .debug_macro   0x0002c1d5      0x189 ./Core/Src/main.o
 .debug_macro   0x0002c35e       0x61 ./Core/Src/main.o
 .debug_macro   0x0002c3bf       0x2a ./Core/Src/main.o
 .debug_macro   0x0002c3e9       0x43 ./Core/Src/main.o
 .debug_macro   0x0002c42c       0x34 ./Core/Src/main.o
 .debug_macro   0x0002c460       0x16 ./Core/Src/main.o
 .debug_macro   0x0002c476       0x43 ./Core/Src/main.o
 .debug_macro   0x0002c4b9       0x34 ./Core/Src/main.o
 .debug_macro   0x0002c4ed       0x10 ./Core/Src/main.o
 .debug_macro   0x0002c4fd       0x58 ./Core/Src/main.o
 .debug_macro   0x0002c555       0x8e ./Core/Src/main.o
 .debug_macro   0x0002c5e3       0x1c ./Core/Src/main.o
 .debug_macro   0x0002c5ff      0x177 ./Core/Src/main.o
 .debug_macro   0x0002c776      0x369 ./Core/Src/main.o
 .debug_macro   0x0002cadf      0x19b ./Core/Src/main.o
 .debug_macro   0x0002cc7a       0x5d ./Core/Src/main.o
 .debug_macro   0x0002ccd7     0x1d23 ./Core/Src/main.o
 .debug_macro   0x0002e9fa      0x8f4 ./Core/Src/main.o
 .debug_macro   0x0002f2ee      0x166 ./Core/Src/main.o
 .debug_macro   0x0002f454      0x2d8 ./Core/Src/main.o
 .debug_macro   0x0002f72c       0xc9 ./Core/Src/main.o
 .debug_macro   0x0002f7f5      0x5eb ./Core/Src/main.o
 .debug_macro   0x0002fde0      0x463 ./Core/Src/main.o
 .debug_macro   0x00030243       0xd6 ./Core/Src/main.o
 .debug_macro   0x00030319      0x1cd ./Core/Src/main.o
 .debug_macro   0x000304e6      0x432 ./Core/Src/main.o
 .debug_macro   0x00030918       0x95 ./Core/Src/main.o
 .debug_macro   0x000309ad      0x11c ./Core/Src/main.o
 .debug_macro   0x00030ac9      0x52c ./Core/Src/main.o
 .debug_macro   0x00030ff5      0x5d5 ./Core/Src/main.o
 .debug_macro   0x000315ca      0x1d3 ./Core/Src/main.o
 .debug_macro   0x0003179d      0x425 ./Core/Src/main.o
 .debug_macro   0x00031bc2       0x4c ./Core/Src/main.o
 .debug_macro   0x00031c0e      0x25e ./Core/Src/stm32u5xx_hal_msp.o
 .debug_macro   0x00031e6c      0x268 ./Core/Src/stm32u5xx_it.o
 .debug_macro   0x000320d4      0x256 ./Core/Src/system_stm32u5xx.o
 .debug_macro   0x0003232a      0x273 ./Drivers/STM32U5xx_HAL_Driver/Src/stm32u5xx_hal.o
 .debug_macro   0x0003259d      0x24f ./Drivers/STM32U5xx_HAL_Driver/Src/stm32u5xx_hal_cortex.o
 .debug_macro   0x000327ec      0x284 ./Drivers/STM32U5xx_HAL_Driver/Src/stm32u5xx_hal_gpio.o
 .debug_macro   0x00032a70      0x281 ./Drivers/STM32U5xx_HAL_Driver/Src/stm32u5xx_hal_icache.o
 .debug_macro   0x00032cf1      0x26b ./Drivers/STM32U5xx_HAL_Driver/Src/stm32u5xx_hal_pwr.o
 .debug_macro   0x00032f5c      0x281 ./Drivers/STM32U5xx_HAL_Driver/Src/stm32u5xx_hal_pwr_ex.o
 .debug_macro   0x000331dd      0x355 ./Drivers/STM32U5xx_HAL_Driver/Src/stm32u5xx_hal_rcc.o

.debug_line     0x00000000     0x83dc
 .debug_line    0x00000000      0x898 ./Core/Src/main.o
 .debug_line    0x00000898      0x76e ./Core/Src/stm32u5xx_hal_msp.o
 .debug_line    0x00001006      0x832 ./Core/Src/stm32u5xx_it.o
 .debug_line    0x00001838      0x871 ./Core/Src/system_stm32u5xx.o
 .debug_line    0x000020a9       0x79 ./Core/Startup/startup_stm32u5a5zjtxq.o
 .debug_line    0x00002122      0xcde ./Drivers/STM32U5xx_HAL_Driver/Src/stm32u5xx_hal.o
 .debug_line    0x00002e00      0xde0 ./Drivers/STM32U5xx_HAL_Driver/Src/stm32u5xx_hal_cortex.o
 .debug_line    0x00003be0      0xcff ./Drivers/STM32U5xx_HAL_Driver/Src/stm32u5xx_hal_gpio.o
 .debug_line    0x000048df      0xa55 ./Drivers/STM32U5xx_HAL_Driver/Src/stm32u5xx_hal_icache.o
 .debug_line    0x00005334      0xa09 ./Drivers/STM32U5xx_HAL_Driver/Src/stm32u5xx_hal_pwr.o
 .debug_line    0x00005d3d     0x1206 ./Drivers/STM32U5xx_HAL_Driver/Src/stm32u5xx_hal_pwr_ex.o
 .debug_line    0x00006f43     0x1499 ./Drivers/STM32U5xx_HAL_Driver/Src/stm32u5xx_hal_rcc.o

.debug_str      0x00000000   0x13f609
 .debug_str     0x00000000   0x13b5ad ./Core/Src/main.o
                             0x13c09c (size before relaxing)
 .debug_str     0x0013b5ad       0x2c ./Core/Src/stm32u5xx_hal_msp.o
                             0x13bc9c (size before relaxing)
 .debug_str     0x0013b5d9       0xc9 ./Core/Src/stm32u5xx_it.o
                             0x13bae9 (size before relaxing)
 .debug_str     0x0013b6a2      0x1c9 ./Core/Src/system_stm32u5xx.o
                             0x13bd0f (size before relaxing)
 .debug_str     0x0013b86b       0x45 ./Core/Startup/startup_stm32u5a5zjtxq.o
                                 0x69 (size before relaxing)
 .debug_str     0x0013b8b0     0x1177 ./Drivers/STM32U5xx_HAL_Driver/Src/stm32u5xx_hal.o
                             0x13ce8e (size before relaxing)
 .debug_str     0x0013ca27      0x40e ./Drivers/STM32U5xx_HAL_Driver/Src/stm32u5xx_hal_cortex.o
                             0x13c9d7 (size before relaxing)
 .debug_str     0x0013ce35      0x2e8 ./Drivers/STM32U5xx_HAL_Driver/Src/stm32u5xx_hal_gpio.o
                             0x13bd34 (size before relaxing)
 .debug_str     0x0013d11d      0x678 ./Drivers/STM32U5xx_HAL_Driver/Src/stm32u5xx_hal_icache.o
                             0x13c031 (size before relaxing)
 .debug_str     0x0013d795      0x351 ./Drivers/STM32U5xx_HAL_Driver/Src/stm32u5xx_hal_pwr.o
                             0x13beaf (size before relaxing)
 .debug_str     0x0013dae6      0x839 ./Drivers/STM32U5xx_HAL_Driver/Src/stm32u5xx_hal_pwr_ex.o
                             0x13c553 (size before relaxing)
 .debug_str     0x0013e31f     0x12ea ./Drivers/STM32U5xx_HAL_Driver/Src/stm32u5xx_hal_rcc.o
                             0x13d4a8 (size before relaxing)

.comment        0x00000000       0x43
 .comment       0x00000000       0x43 ./Core/Src/main.o
                                 0x44 (size before relaxing)
 .comment       0x00000043       0x44 ./Core/Src/stm32u5xx_hal_msp.o
 .comment       0x00000043       0x44 ./Core/Src/stm32u5xx_it.o
 .comment       0x00000043       0x44 ./Core/Src/system_stm32u5xx.o
 .comment       0x00000043       0x44 ./Drivers/STM32U5xx_HAL_Driver/Src/stm32u5xx_hal.o
 .comment       0x00000043       0x44 ./Drivers/STM32U5xx_HAL_Driver/Src/stm32u5xx_hal_cortex.o
 .comment       0x00000043       0x44 ./Drivers/STM32U5xx_HAL_Driver/Src/stm32u5xx_hal_gpio.o
 .comment       0x00000043       0x44 ./Drivers/STM32U5xx_HAL_Driver/Src/stm32u5xx_hal_icache.o
 .comment       0x00000043       0x44 ./Drivers/STM32U5xx_HAL_Driver/Src/stm32u5xx_hal_pwr.o
 .comment       0x00000043       0x44 ./Drivers/STM32U5xx_HAL_Driver/Src/stm32u5xx_hal_pwr_ex.o
 .comment       0x00000043       0x44 ./Drivers/STM32U5xx_HAL_Driver/Src/stm32u5xx_hal_rcc.o

.debug_frame    0x00000000     0x2148
 .debug_frame   0x00000000       0xd0 ./Core/Src/main.o
 .debug_frame   0x000000d0       0x38 ./Core/Src/stm32u5xx_hal_msp.o
 .debug_frame   0x00000108      0x104 ./Core/Src/stm32u5xx_it.o
 .debug_frame   0x0000020c       0x58 ./Core/Src/system_stm32u5xx.o
 .debug_frame   0x00000264      0x670 ./Drivers/STM32U5xx_HAL_Driver/Src/stm32u5xx_hal.o
 .debug_frame   0x000008d4      0x560 ./Drivers/STM32U5xx_HAL_Driver/Src/stm32u5xx_hal_cortex.o
 .debug_frame   0x00000e34      0x1ec ./Drivers/STM32U5xx_HAL_Driver/Src/stm32u5xx_hal_gpio.o
 .debug_frame   0x00001020      0x298 ./Drivers/STM32U5xx_HAL_Driver/Src/stm32u5xx_hal_icache.o
 .debug_frame   0x000012b8      0x2ac ./Drivers/STM32U5xx_HAL_Driver/Src/stm32u5xx_hal_pwr.o
 .debug_frame   0x00001564      0x910 ./Drivers/STM32U5xx_HAL_Driver/Src/stm32u5xx_hal_pwr_ex.o
 .debug_frame   0x00001e74      0x288 ./Drivers/STM32U5xx_HAL_Driver/Src/stm32u5xx_hal_rcc.o
 .debug_frame   0x000020fc       0x20 /opt/st/stm32cubeide_1.15.0/plugins/com.st.stm32cube.ide.mcu.externaltools.gnu-tools-for-stm32.12.3.rel1.linux64_1.0.100.202403111256/tools/bin/../lib/gcc/arm-none-eabi/12.3.1/../../../../arm-none-eabi/lib/thumb/v8-m.main+fp/hard/libc_nano.a(libc_a-memset.o)
 .debug_frame   0x0000211c       0x2c /opt/st/stm32cubeide_1.15.0/plugins/com.st.stm32cube.ide.mcu.externaltools.gnu-tools-for-stm32.12.3.rel1.linux64_1.0.100.202403111256/tools/bin/../lib/gcc/arm-none-eabi/12.3.1/../../../../arm-none-eabi/lib/thumb/v8-m.main+fp/hard/libc_nano.a(libc_a-init.o)

.debug_line_str
                0x00000000       0x4d
 .debug_line_str
                0x00000000       0x4d ./Core/Startup/startup_stm32u5a5zjtxq.o
